job_image1: (g=0): rw=randwrite, bs=(R) 4096B-4096B, (W) 4096B-4096B, (T) 4096B-4096B, ioengine=rbd, iodepth=8
job_image2: (g=0): rw=randwrite, bs=(R) 4096B-4096B, (W) 4096B-4096B, (T) 4096B-4096B, ioengine=rbd, iodepth=8
job_image3: (g=0): rw=randwrite, bs=(R) 4096B-4096B, (W) 4096B-4096B, (T) 4096B-4096B, ioengine=rbd, iodepth=8
job_image4: (g=0): rw=randwrite, bs=(R) 4096B-4096B, (W) 4096B-4096B, (T) 4096B-4096B, ioengine=rbd, iodepth=8
job_image5: (g=0): rw=randwrite, bs=(R) 4096B-4096B, (W) 4096B-4096B, (T) 4096B-4096B, ioengine=rbd, iodepth=8
job_image6: (g=0): rw=randwrite, bs=(R) 4096B-4096B, (W) 4096B-4096B, (T) 4096B-4096B, ioengine=rbd, iodepth=8
job_image7: (g=0): rw=randwrite, bs=(R) 4096B-4096B, (W) 4096B-4096B, (T) 4096B-4096B, ioengine=rbd, iodepth=8
job_image8: (g=0): rw=randwrite, bs=(R) 4096B-4096B, (W) 4096B-4096B, (T) 4096B-4096B, ioengine=rbd, iodepth=8
fio-3.39-26-ga72fe
Starting 8 threads
{
  "fio version" : "fio-3.39-26-ga72fe",
  "timestamp" : 1790767387,
  "timestamp_ms" : 1790767387532,
  "time" : "Wed Sep 30 11:23:07 2026",
  "global options" : {
    "ioengine" : "rbd",
    "direct" : "1",
    "group_reporting" : "1",
    "thread" : "1",
    "time_based" : "1",
    "runtime" : "300",
    "ramp_time" : "30",
    "randrepeat" : "0",
    "norandommap" : "1",
    "rw" : "randwrite",
    "bs" : "4k",
    "iodepth" : "8",
    "numjobs" : "1",
    "pool" : "_benchtest_"
  },
  "jobs" : [
    {
      "jobname" : "job_image1",
      "groupid" : 0,
      "job_start" : 1790767087281,
      "error" : 0,
      "eta" : 0,
      "elapsed" : 331,
      "job options" : {
        "rbdname" : "image8"
      },
      "read" : {
        "io_bytes" : 0,
        "io_kbytes" : 0,
        "bw_bytes" : 0,
        "bw" : 0,
        "iops" : 0.000000,
        "runtime" : 0,
        "total_ios" : 0,
        "short_ios" : 0,
        "drop_ios" : 0,
        "slat_ns" : {
          "min" : 0,
          "max" : 0,
          "mean" : 0.000000,
          "stddev" : 0.000000,
          "N" : 0
        },
        "clat_ns" : {
          "min" : 0,
          "max" : 0,
          "mean" : 0.000000,
          "stddev" : 0.000000,
          "N" : 0
        },
        "lat_ns" : {
          "min" : 0,
          "max" : 0,
          "mean" : 0.000000,
          "stddev" : 0.000000,
          "N" : 0
        },
        "bw_min" : 0,
        "bw_max" : 0,
        "bw_agg" : 0.000000,
        "bw_mean" : 0.000000,
        "bw_dev" : 0.000000,
        "bw_samples" : 0,
        "iops_min" : 0,
        "iops_max" : 0,
        "iops_mean" : 0.000000,
        "iops_stddev" : 0.000000,
        "iops_samples" : 0
      },
      "write" : {
        "io_bytes" : 49156837376,
        "io_kbytes" : 48004724,
        "bw_bytes" : 163855032,
        "bw" : 160014,
        "iops" : 40003.483310,
        "runtime" : 300002,
        "total_ios" : 12001125,
        "short_ios" : 0,
        "drop_ios" : 0,
        "slat_ns" : {
          "min" : 953,
          "max" : 874093,
          "mean" : 4514.614853,
          "stddev" : 3271.660060,
          "N" : 12001125
        },
        "clat_ns" : {
          "min" : 306128,
          "max" : 50478986,
          "mean" : 1594704.996770,
          "stddev" : 818602.208347,
          "N" : 12001181,
          "percentile" : {
            "1.000000" : 921600,
            "5.000000" : 1056768,
            "10.000000" : 1138688,
            "20.000000" : 1253376,
            "30.000000" : 1351680,
            "40.000000" : 1433600,
            "50.000000" : 1515520,
            "60.000000" : 1613824,
            "70.000000" : 1712128,
            "80.000000" : 1859584,
            "90.000000" : 2088960,
            "95.000000" : 2310144,
            "99.000000" : 2834432,
            "99.500000" : 3129344,
            "99.900000" : 6455296,
            "99.950000" : 10682368,
            "99.990000" : 40108032
          }
        },
        "lat_ns" : {
          "min" : 308921,
          "max" : 50485950,
          "mean" : 1599219.607386,
          "stddev" : 818665.574639,
          "N" : 12001181
        },
        "bw_min" : 124120,
        "bw_max" : 172089,
        "bw_agg" : 100.000000,
        "bw_mean" : 160072.621667,
        "bw_dev" : 1040.989838,
        "bw_samples" : 4800,
        "iops_min" : 31030,
        "iops_max" : 43022,
        "iops_mean" : 40017.605000,
        "iops_stddev" : 260.265657,
        "iops_samples" : 4800
      },
      "trim" : {
        "io_bytes" : 0,
        "io_kbytes" : 0,
        "bw_bytes" : 0,
        "bw" : 0,
        "iops" : 0.000000,
        "runtime" : 0,
        "total_ios" : 0,
        "short_ios" : 0,
        "drop_ios" : 0,
        "slat_ns" : {
          "min" : 0,
          "max" : 0,
          "mean" : 0.000000,
          "stddev" : 0.000000,
          "N" : 0
        },
        "clat_ns" : {
          "min" : 0,
          "max" : 0,
          "mean" : 0.000000,
          "stddev" : 0.000000,
          "N" : 0
        },
        "lat_ns" : {
          "min" : 0,
          "max" : 0,
          "mean" : 0.000000,
          "stddev" : 0.000000,
          "N" : 0
        },
        "bw_min" : 0,
        "bw_max" : 0,
        "bw_agg" : 0.000000,
        "bw_mean" : 0.000000,
        "bw_dev" : 0.000000,
        "bw_samples" : 0,
        "iops_min" : 0,
        "iops_max" : 0,
        "iops_mean" : 0.000000,
        "iops_stddev" : 0.000000,
        "iops_samples" : 0
      },
      "sync" : {
        "total_ios" : 0,
        "lat_ns" : {
          "min" : 0,
          "max" : 0,
          "mean" : 0.000000,
          "stddev" : 0.000000,
          "N" : 0
        }
      },
      "job_runtime" : 2400003,
      "usr_cpu" : 2.831705,
      "sys_cpu" : 2.068081,
      "ctx" : 9149073,
      "majf" : 0,
      "minf" : 514,
      "iodepth_level" : {
        "1" : 0.000000,
        "2" : 0.000000,
        "4" : 0.000000,
        "8" : 100.000000,
        "16" : 0.000000,
        "32" : 0.000000,
        ">=64" : 0.000000
      },
      "iodepth_submit" : {
        "0" : 0.000000,
        "4" : 100.000000,
        "8" : 0.000000,
        "16" : 0.000000,
        "32" : 0.000000,
        "64" : 0.000000,
        ">=64" : 0.000000
      },
      "iodepth_complete" : {
        "0" : 0.000000,
        "4" : 99.999967,
        "8" : 0.100000,
        "16" : 0.000000,
        "32" : 0.000000,
        "64" : 0.000000,
        ">=64" : 0.000000
      },
      "latency_ns" : {
        "2" : 0.000000,
        "4" : 0.000000,
        "10" : 0.000000,
        "20" : 0.000000,
        "50" : 0.000000,
        "100" : 0.000000,
        "250" : 0.000000,
        "500" : 0.000000,
        "750" : 0.000000,
        "1000" : 0.000000
      },
      "latency_us" : {
        "2" : 0.000000,
        "4" : 0.000000,
        "10" : 0.000000,
        "20" : 0.000000,
        "50" : 0.000000,
        "100" : 0.000000,
        "250" : 0.000000,
        "500" : 0.010000,
        "750" : 0.062911,
        "1000" : 2.643869
      },
      "latency_ms" : {
        "2" : 84.425452,
        "4" : 12.677903,
        "10" : 0.133529,
        "20" : 0.018948,
        "50" : 0.036255,
        "100" : 0.010000,
        "250" : 0.000000,
        "500" : 0.000000,
        "750" : 0.000000,
        "1000" : 0.000000,
        "2000" : 0.000000,
        ">=2000" : 0.000000
      },
      "latency_depth" : 8,
      "latency_target" : 0,
      "latency_percentile" : 100.000000,
      "latency_window" : 0
    }
  ],
  "disk_util" : [
    {
      "name" : "sda",
      "read_ios" : 0,
      "write_ios" : 3926,
      "read_sectors" : 0,
      "write_sectors" : 101584,
      "read_merges" : 0,
      "write_merges" : 6364,
      "read_ticks" : 0,
      "write_ticks" : 711,
      "in_queue" : 765,
      "util" : 0.089703
    }
  ]
}

job_image1: (groupid=0, jobs=8): err= 0: pid=186552: Wed Sep 30 11:23:07 2026
  write: IOPS=40.0k, BW=156MiB/s (164MB/s)(45.8GiB/300002msec); 0 zone resets
    slat (nsec): min=953, max=874093, avg=4514.61, stdev=3271.66
    clat (usec): min=306, max=50478, avg=1594.70, stdev=818.60
     lat (usec): min=308, max=50485, avg=1599.22, stdev=818.67
    clat percentiles (usec):
     |  1.00th=[  922],  5.00th=[ 1057], 10.00th=[ 1139], 20.00th=[ 1254],
     | 30.00th=[ 1352], 40.00th=[ 1434], 50.00th=[ 1516], 60.00th=[ 1614],
     | 70.00th=[ 1713], 80.00th=[ 1860], 90.00th=[ 2089], 95.00th=[ 2311],
     | 99.00th=[ 2835], 99.50th=[ 3130], 99.90th=[ 6456], 99.95th=[10683],
     | 99.99th=[40109]
   bw (  KiB/s): min=124120, max=172089, per=100.00%, avg=160072.62, stdev=1040.99, samples=4800
   iops        : min=31030, max=43022, avg=40017.61, stdev=260.27, samples=4800
  lat (usec)   : 500=0.01%, 750=0.06%, 1000=2.64%
  lat (msec)   : 2=84.43%, 4=12.68%, 10=0.13%, 20=0.02%, 50=0.04%
  lat (msec)   : 100=0.01%
  cpu          : usr=2.83%, sys=2.07%, ctx=9149073, majf=0, minf=514
  IO depths    : 1=0.0%, 2=0.0%, 4=0.0%, 8=100.0%, 16=0.0%, 32=0.0%, >=64=0.0%
     submit    : 0=0.0%, 4=100.0%, 8=0.0%, 16=0.0%, 32=0.0%, 64=0.0%, >=64=0.0%
     complete  : 0=0.0%, 4=100.0%, 8=0.1%, 16=0.0%, 32=0.0%, 64=0.0%, >=64=0.0%
     issued rwts: total=0,12001125,0,0 short=0,0,0,0 dropped=0,0,0,0
     latency   : target=0, window=0, percentile=100.00%, depth=8

Run status group 0 (all jobs):
  WRITE: bw=156MiB/s (164MB/s), 156MiB/s-156MiB/s (164MB/s-164MB/s), io=45.8GiB (49.2GB), run=300002-300002msec

Disk stats (read/write):
  sda: ios=0/3926, sectors=0/101584, merge=0/6364, ticks=0/711, in_queue=765, util=0.09%
