job_image1: (g=0): rw=randwrite, bs=(R) 4096B-4096B, (W) 4096B-4096B, (T) 4096B-4096B, ioengine=rbd, iodepth=8
job_image2: (g=0): rw=randwrite, bs=(R) 4096B-4096B, (W) 4096B-4096B, (T) 4096B-4096B, ioengine=rbd, iodepth=8
job_image3: (g=0): rw=randwrite, bs=(R) 4096B-4096B, (W) 4096B-4096B, (T) 4096B-4096B, ioengine=rbd, iodepth=8
job_image4: (g=0): rw=randwrite, bs=(R) 4096B-4096B, (W) 4096B-4096B, (T) 4096B-4096B, ioengine=rbd, iodepth=8
job_image5: (g=0): rw=randwrite, bs=(R) 4096B-4096B, (W) 4096B-4096B, (T) 4096B-4096B, ioengine=rbd, iodepth=8
job_image6: (g=0): rw=randwrite, bs=(R) 4096B-4096B, (W) 4096B-4096B, (T) 4096B-4096B, ioengine=rbd, iodepth=8
job_image7: (g=0): rw=randwrite, bs=(R) 4096B-4096B, (W) 4096B-4096B, (T) 4096B-4096B, ioengine=rbd, iodepth=8
job_image8: (g=0): rw=randwrite, bs=(R) 4096B-4096B, (W) 4096B-4096B, (T) 4096B-4096B, ioengine=rbd, iodepth=8
fio-3.39-26-ga72fe
Starting 8 threads
{
  "fio version" : "fio-3.39-26-ga72fe",
  "timestamp" : 1790689921,
  "timestamp_ms" : 1790689921677,
  "time" : "Tue Sep 29 13:52:01 2026",
  "global options" : {
    "ioengine" : "rbd",
    "direct" : "1",
    "group_reporting" : "1",
    "thread" : "1",
    "time_based" : "1",
    "runtime" : "300",
    "ramp_time" : "30",
    "randrepeat" : "0",
    "norandommap" : "1",
    "rw" : "randwrite",
    "bs" : "4k",
    "iodepth" : "8",
    "numjobs" : "1",
    "pool" : "_benchtest_"
  },
  "jobs" : [
    {
      "jobname" : "job_image1",
      "groupid" : 0,
      "job_start" : 1790689621425,
      "error" : 0,
      "eta" : 0,
      "elapsed" : 331,
      "job options" : {
        "rbdname" : "image8"
      },
      "read" : {
        "io_bytes" : 0,
        "io_kbytes" : 0,
        "bw_bytes" : 0,
        "bw" : 0,
        "iops" : 0.000000,
        "runtime" : 0,
        "total_ios" : 0,
        "short_ios" : 0,
        "drop_ios" : 0,
        "slat_ns" : {
          "min" : 0,
          "max" : 0,
          "mean" : 0.000000,
          "stddev" : 0.000000,
          "N" : 0
        },
        "clat_ns" : {
          "min" : 0,
          "max" : 0,
          "mean" : 0.000000,
          "stddev" : 0.000000,
          "N" : 0
        },
        "lat_ns" : {
          "min" : 0,
          "max" : 0,
          "mean" : 0.000000,
          "stddev" : 0.000000,
          "N" : 0
        },
        "bw_min" : 0,
        "bw_max" : 0,
        "bw_agg" : 0.000000,
        "bw_mean" : 0.000000,
        "bw_dev" : 0.000000,
        "bw_samples" : 0,
        "iops_min" : 0,
        "iops_max" : 0,
        "iops_mean" : 0.000000,
        "iops_stddev" : 0.000000,
        "iops_samples" : 0
      },
      "write" : {
        "io_bytes" : 17548607488,
        "io_kbytes" : 17137312,
        "bw_bytes" : 58494578,
        "bw" : 57123,
        "iops" : 14280.716257,
        "runtime" : 300004,
        "total_ios" : 4284272,
        "short_ios" : 0,
        "drop_ios" : 0,
        "slat_ns" : {
          "min" : 1324,
          "max" : 936284,
          "mean" : 5446.998504,
          "stddev" : 4462.724614,
          "N" : 4284272
        },
        "clat_ns" : {
          "min" : 475071,
          "max" : 88776129,
          "mean" : 4475236.536816,
          "stddev" : 1627776.088093,
          "N" : 4284328,
          "percentile" : {
            "1.000000" : 2211840,
            "5.000000" : 2670592,
            "10.000000" : 2965504,
            "20.000000" : 3325952,
            "30.000000" : 3620864,
            "40.000000" : 3915776,
            "50.000000" : 4177920,
            "60.000000" : 4489216,
            "70.000000" : 4882432,
            "80.000000" : 5406720,
            "90.000000" : 6258688,
            "95.000000" : 7176192,
            "99.000000" : 9633792,
            "99.500000" : 10944512,
            "99.900000" : 15269888,
            "99.950000" : 17956864,
            "99.990000" : 42205184
          }
        },
        "lat_ns" : {
          "min" : 478642,
          "max" : 88780413,
          "mean" : 4480683.526056,
          "stddev" : 1627827.725656,
          "N" : 4284328
        },
        "bw_min" : 44143,
        "bw_max" : 60983,
        "bw_agg" : 100.000000,
        "bw_mean" : 57153.948333,
        "bw_dev" : 239.967166,
        "bw_samples" : 4800,
        "iops_min" : 11034,
        "iops_max" : 15245,
        "iops_mean" : 14287.478333,
        "iops_stddev" : 59.977734,
        "iops_samples" : 4800
      },
      "trim" : {
        "io_bytes" : 0,
        "io_kbytes" : 0,
        "bw_bytes" : 0,
        "bw" : 0,
        "iops" : 0.000000,
        "runtime" : 0,
        "total_ios" : 0,
        "short_ios" : 0,
        "drop_ios" : 0,
        "slat_ns" : {
          "min" : 0,
          "max" : 0,
          "mean" : 0.000000,
          "stddev" : 0.000000,
          "N" : 0
        },
        "clat_ns" : {
          "min" : 0,
          "max" : 0,
          "mean" : 0.000000,
          "stddev" : 0.000000,
          "N" : 0
        },
        "lat_ns" : {
          "min" : 0,
          "max" : 0,
          "mean" : 0.000000,
          "stddev" : 0.000000,
          "N" : 0
        },
        "bw_min" : 0,
        "bw_max" : 0,
        "bw_agg" : 0.000000,
        "bw_mean" : 0.000000,
        "bw_dev" : 0.000000,
        "bw_samples" : 0,
        "iops_min" : 0,
        "iops_max" : 0,
        "iops_mean" : 0.000000,
        "iops_stddev" : 0.000000,
        "iops_samples" : 0
      },
      "sync" : {
        "total_ios" : 0,
        "lat_ns" : {
          "min" : 0,
          "max" : 0,
          "mean" : 0.000000,
          "stddev" : 0.000000,
          "N" : 0
        }
      },
      "job_runtime" : 2400018,
      "usr_cpu" : 1.255657,
      "sys_cpu" : 0.785869,
      "ctx" : 3730839,
      "majf" : 0,
      "minf" : 1334,
      "iodepth_level" : {
        "1" : 0.000000,
        "2" : 0.000000,
        "4" : 0.000000,
        "8" : 100.000000,
        "16" : 0.000000,
        "32" : 0.000000,
        ">=64" : 0.000000
      },
      "iodepth_submit" : {
        "0" : 0.000000,
        "4" : 100.000000,
        "8" : 0.000000,
        "16" : 0.000000,
        "32" : 0.000000,
        "64" : 0.000000,
        ">=64" : 0.000000
      },
      "iodepth_complete" : {
        "0" : 0.000000,
        "4" : 99.999907,
        "8" : 0.100000,
        "16" : 0.000000,
        "32" : 0.000000,
        "64" : 0.000000,
        ">=64" : 0.000000
      },
      "latency_ns" : {
        "2" : 0.000000,
        "4" : 0.000000,
        "10" : 0.000000,
        "20" : 0.000000,
        "50" : 0.000000,
        "100" : 0.000000,
        "250" : 0.000000,
        "500" : 0.000000,
        "750" : 0.000000,
        "1000" : 0.000000
      },
      "latency_us" : {
        "2" : 0.000000,
        "4" : 0.000000,
        "10" : 0.000000,
        "20" : 0.000000,
        "50" : 0.000000,
        "100" : 0.000000,
        "250" : 0.000000,
        "500" : 0.010000,
        "750" : 0.010000,
        "1000" : 0.010000
      },
      "latency_ms" : {
        "2" : 0.417691,
        "4" : 43.148731,
        "10" : 55.603542,
        "20" : 0.786481,
        "50" : 0.024975,
        "100" : 0.010000,
        "250" : 0.000000,
        "500" : 0.000000,
        "750" : 0.000000,
        "1000" : 0.000000,
        "2000" : 0.000000,
        ">=2000" : 0.000000
      },
      "latency_depth" : 8,
      "latency_target" : 0,
      "latency_percentile" : 100.000000,
      "latency_window" : 0
    }
  ],
  "disk_util" : [
    {
      "name" : "sda",
      "read_ios" : 0,
      "write_ios" : 4251,
      "read_sectors" : 0,
      "write_sectors" : 167824,
      "read_merges" : 0,
      "write_merges" : 6523,
      "read_ticks" : 0,
      "write_ticks" : 1177,
      "in_queue" : 1227,
      "util" : 0.123667
    }
  ]
}

job_image1: (groupid=0, jobs=8): err= 0: pid=164405: Tue Sep 29 13:52:01 2026
  write: IOPS=14.3k, BW=55.8MiB/s (58.5MB/s)(16.3GiB/300004msec); 0 zone resets
    slat (nsec): min=1324, max=936284, avg=5447.00, stdev=4462.72
    clat (usec): min=475, max=88776, avg=4475.24, stdev=1627.78
     lat (usec): min=478, max=88780, avg=4480.68, stdev=1627.83
    clat percentiles (usec):
     |  1.00th=[ 2212],  5.00th=[ 2671], 10.00th=[ 2966], 20.00th=[ 3326],
     | 30.00th=[ 3621], 40.00th=[ 3916], 50.00th=[ 4178], 60.00th=[ 4490],
     | 70.00th=[ 4883], 80.00th=[ 5407], 90.00th=[ 6259], 95.00th=[ 7177],
     | 99.00th=[ 9634], 99.50th=[10945], 99.90th=[15270], 99.95th=[17957],
     | 99.99th=[42206]
   bw (  KiB/s): min=44143, max=60983, per=100.00%, avg=57153.95, stdev=239.97, samples=4800
   iops        : min=11034, max=15245, avg=14287.48, stdev=59.98, samples=4800
  lat (usec)   : 500=0.01%, 750=0.01%, 1000=0.01%
  lat (msec)   : 2=0.42%, 4=43.15%, 10=55.60%, 20=0.79%, 50=0.02%
  lat (msec)   : 100=0.01%
  cpu          : usr=1.26%, sys=0.79%, ctx=3730839, majf=0, minf=1334
  IO depths    : 1=0.0%, 2=0.0%, 4=0.0%, 8=100.0%, 16=0.0%, 32=0.0%, >=64=0.0%
     submit    : 0=0.0%, 4=100.0%, 8=0.0%, 16=0.0%, 32=0.0%, 64=0.0%, >=64=0.0%
     complete  : 0=0.0%, 4=100.0%, 8=0.1%, 16=0.0%, 32=0.0%, 64=0.0%, >=64=0.0%
     issued rwts: total=0,4284272,0,0 short=0,0,0,0 dropped=0,0,0,0
     latency   : target=0, window=0, percentile=100.00%, depth=8

Run status group 0 (all jobs):
  WRITE: bw=55.8MiB/s (58.5MB/s), 55.8MiB/s-55.8MiB/s (58.5MB/s-58.5MB/s), io=16.3GiB (17.5GB), run=300004-300004msec

Disk stats (read/write):
  sda: ios=0/4251, sectors=0/167824, merge=0/6523, ticks=0/1177, in_queue=1227, util=0.12%
